fr\vitegourmand\auth\dto\PasswordResetDtos.class
fr\vitegourmand\order\entity\CustomerOrder.class
fr\vitegourmand\user\controller\AdminEmployeeController.class
fr\vitegourmand\auth\dto\PasswordResetDtos$Reset.class
fr\vitegourmand\order\entity\OrderStatus.class
fr\vitegourmand\order\repository\OrderStatusHistoryRepository.class
fr\vitegourmand\contact\entity\ContactRequest.class
fr\vitegourmand\auth\service\PasswordResetService.class
fr\vitegourmand\common\exception\BusinessException.class
fr\vitegourmand\dish\entity\DishType.class
fr\vitegourmand\menu\repository\MenuRepository.class
fr\vitegourmand\common\exception\GlobalExceptionHandler.class
fr\vitegourmand\user\entity\Role.class
fr\vitegourmand\order\dto\OrderDtos$View.class
fr\vitegourmand\auth\dto\PasswordResetDtos$Forgot.class
fr\vitegourmand\user\controller\AdminEmployeeController$Create.class
fr\vitegourmand\auth\entity\PasswordResetToken.class
fr\vitegourmand\contact\dto\ContactRequestDto.class
fr\vitegourmand\order\dto\OrderDtos$Transition.class
fr\vitegourmand\auth\controller\AuthController.class
fr\vitegourmand\order\dto\OrderDtos$Cancellation.class
fr\vitegourmand\order\controller\OrderController.class
fr\vitegourmand\order\service\OrderService.class
fr\vitegourmand\statistics\repository\MenuStatisticsRepository.class
fr\vitegourmand\statistics\document\MenuStatisticsDocument.class
fr\vitegourmand\order\repository\CustomerOrderRepository.class
fr\vitegourmand\auth\dto\LoginRequest.class
fr\vitegourmand\contact\controller\ContactController.class
fr\vitegourmand\order\service\OrderStatusService.class
fr\vitegourmand\auth\service\AuthService.class
fr\vitegourmand\order\service\OrderPricingService.class
fr\vitegourmand\security\JwtService.class
fr\vitegourmand\security\JwtAuthenticationFilter.class
fr\vitegourmand\menu\controller\EmployeeMenuController$Input.class
fr\vitegourmand\order\entity\OrderStatusHistory.class
fr\vitegourmand\menu\dto\MenuSummary.class
fr\vitegourmand\contact\repository\ContactRequestRepository.class
fr\vitegourmand\auth\dto\AuthResponse.class
fr\vitegourmand\common\exception\ApiError.class
fr\vitegourmand\order\service\OrderPricingService$PriceBreakdown.class
fr\vitegourmand\user\entity\User.class
fr\vitegourmand\menu\controller\PublicMenuController.class
fr\vitegourmand\user\repository\UserRepository.class
fr\vitegourmand\auth\dto\RegisterRequest.class
fr\vitegourmand\common\exception\NotFoundException.class
fr\vitegourmand\review\entity\ModerationStatus.class
fr\vitegourmand\menu\controller\EmployeeMenuController.class
fr\vitegourmand\order\entity\CancellationContactMode.class
fr\vitegourmand\menu\entity\Menu.class
fr\vitegourmand\configuration\SecurityConfiguration.class
fr\vitegourmand\order\dto\OrderDtos$Create.class
fr\vitegourmand\user\controller\AdminEmployeeController$View.class
fr\vitegourmand\ViteEtGourmandApplication.class
fr\vitegourmand\auth\repository\PasswordResetTokenRepository.class
fr\vitegourmand\order\dto\OrderDtos.class
fr\vitegourmand\configuration\InitialAdminConfiguration.class
