C:\Users\Scodyx\Documents\Dossier Kelly\Développeuse No-Code\Évaluation\vite-et-gourmand\backend\src\main\java\fr\vitegourmand\allergen\entity\Allergen.java
C:\Users\Scodyx\Documents\Dossier Kelly\Développeuse No-Code\Évaluation\vite-et-gourmand\backend\src\main\java\fr\vitegourmand\allergen\repository\AllergenRepository.java
C:\Users\Scodyx\Documents\Dossier Kelly\Développeuse No-Code\Évaluation\vite-et-gourmand\backend\src\main\java\fr\vitegourmand\auth\controller\AuthController.java
C:\Users\Scodyx\Documents\Dossier Kelly\Développeuse No-Code\Évaluation\vite-et-gourmand\backend\src\main\java\fr\vitegourmand\auth\dto\AuthResponse.java
C:\Users\Scodyx\Documents\Dossier Kelly\Développeuse No-Code\Évaluation\vite-et-gourmand\backend\src\main\java\fr\vitegourmand\auth\dto\LoginRequest.java
C:\Users\Scodyx\Documents\Dossier Kelly\Développeuse No-Code\Évaluation\vite-et-gourmand\backend\src\main\java\fr\vitegourmand\auth\dto\PasswordResetDtos.java
C:\Users\Scodyx\Documents\Dossier Kelly\Développeuse No-Code\Évaluation\vite-et-gourmand\backend\src\main\java\fr\vitegourmand\auth\dto\RegisterRequest.java
C:\Users\Scodyx\Documents\Dossier Kelly\Développeuse No-Code\Évaluation\vite-et-gourmand\backend\src\main\java\fr\vitegourmand\auth\dto\SessionDtos.java
C:\Users\Scodyx\Documents\Dossier Kelly\Développeuse No-Code\Évaluation\vite-et-gourmand\backend\src\main\java\fr\vitegourmand\auth\entity\PasswordResetToken.java
C:\Users\Scodyx\Documents\Dossier Kelly\Développeuse No-Code\Évaluation\vite-et-gourmand\backend\src\main\java\fr\vitegourmand\auth\entity\RefreshToken.java
C:\Users\Scodyx\Documents\Dossier Kelly\Développeuse No-Code\Évaluation\vite-et-gourmand\backend\src\main\java\fr\vitegourmand\auth\repository\PasswordResetTokenRepository.java
C:\Users\Scodyx\Documents\Dossier Kelly\Développeuse No-Code\Évaluation\vite-et-gourmand\backend\src\main\java\fr\vitegourmand\auth\repository\RefreshTokenRepository.java
C:\Users\Scodyx\Documents\Dossier Kelly\Développeuse No-Code\Évaluation\vite-et-gourmand\backend\src\main\java\fr\vitegourmand\auth\service\AuthService.java
C:\Users\Scodyx\Documents\Dossier Kelly\Développeuse No-Code\Évaluation\vite-et-gourmand\backend\src\main\java\fr\vitegourmand\auth\service\PasswordResetService.java
C:\Users\Scodyx\Documents\Dossier Kelly\Développeuse No-Code\Évaluation\vite-et-gourmand\backend\src\main\java\fr\vitegourmand\auth\service\RefreshTokenService.java
C:\Users\Scodyx\Documents\Dossier Kelly\Développeuse No-Code\Évaluation\vite-et-gourmand\backend\src\main\java\fr\vitegourmand\catalog\controller\CatalogController.java
C:\Users\Scodyx\Documents\Dossier Kelly\Développeuse No-Code\Évaluation\vite-et-gourmand\backend\src\main\java\fr\vitegourmand\catalog\dto\CatalogDtos.java
C:\Users\Scodyx\Documents\Dossier Kelly\Développeuse No-Code\Évaluation\vite-et-gourmand\backend\src\main\java\fr\vitegourmand\catalog\service\CatalogManagementService.java
C:\Users\Scodyx\Documents\Dossier Kelly\Développeuse No-Code\Évaluation\vite-et-gourmand\backend\src\main\java\fr\vitegourmand\common\exception\ApiError.java
C:\Users\Scodyx\Documents\Dossier Kelly\Développeuse No-Code\Évaluation\vite-et-gourmand\backend\src\main\java\fr\vitegourmand\common\exception\BusinessException.java
C:\Users\Scodyx\Documents\Dossier Kelly\Développeuse No-Code\Évaluation\vite-et-gourmand\backend\src\main\java\fr\vitegourmand\common\exception\GlobalExceptionHandler.java
C:\Users\Scodyx\Documents\Dossier Kelly\Développeuse No-Code\Évaluation\vite-et-gourmand\backend\src\main\java\fr\vitegourmand\common\exception\NotFoundException.java
C:\Users\Scodyx\Documents\Dossier Kelly\Développeuse No-Code\Évaluation\vite-et-gourmand\backend\src\main\java\fr\vitegourmand\configuration\InitialAdminConfiguration.java
C:\Users\Scodyx\Documents\Dossier Kelly\Développeuse No-Code\Évaluation\vite-et-gourmand\backend\src\main\java\fr\vitegourmand\configuration\SecurityConfiguration.java
C:\Users\Scodyx\Documents\Dossier Kelly\Développeuse No-Code\Évaluation\vite-et-gourmand\backend\src\main\java\fr\vitegourmand\contact\controller\ContactController.java
C:\Users\Scodyx\Documents\Dossier Kelly\Développeuse No-Code\Évaluation\vite-et-gourmand\backend\src\main\java\fr\vitegourmand\contact\dto\ContactRequestDto.java
C:\Users\Scodyx\Documents\Dossier Kelly\Développeuse No-Code\Évaluation\vite-et-gourmand\backend\src\main\java\fr\vitegourmand\contact\entity\ContactRequest.java
C:\Users\Scodyx\Documents\Dossier Kelly\Développeuse No-Code\Évaluation\vite-et-gourmand\backend\src\main\java\fr\vitegourmand\contact\repository\ContactRequestRepository.java
C:\Users\Scodyx\Documents\Dossier Kelly\Développeuse No-Code\Évaluation\vite-et-gourmand\backend\src\main\java\fr\vitegourmand\dish\entity\Dish.java
C:\Users\Scodyx\Documents\Dossier Kelly\Développeuse No-Code\Évaluation\vite-et-gourmand\backend\src\main\java\fr\vitegourmand\dish\entity\DishType.java
C:\Users\Scodyx\Documents\Dossier Kelly\Développeuse No-Code\Évaluation\vite-et-gourmand\backend\src\main\java\fr\vitegourmand\dish\repository\DishRepository.java
C:\Users\Scodyx\Documents\Dossier Kelly\Développeuse No-Code\Évaluation\vite-et-gourmand\backend\src\main\java\fr\vitegourmand\menu\controller\EmployeeMenuController.java
C:\Users\Scodyx\Documents\Dossier Kelly\Développeuse No-Code\Évaluation\vite-et-gourmand\backend\src\main\java\fr\vitegourmand\menu\controller\PublicMenuController.java
C:\Users\Scodyx\Documents\Dossier Kelly\Développeuse No-Code\Évaluation\vite-et-gourmand\backend\src\main\java\fr\vitegourmand\menu\dto\MenuSummary.java
C:\Users\Scodyx\Documents\Dossier Kelly\Développeuse No-Code\Évaluation\vite-et-gourmand\backend\src\main\java\fr\vitegourmand\menu\entity\Menu.java
C:\Users\Scodyx\Documents\Dossier Kelly\Développeuse No-Code\Évaluation\vite-et-gourmand\backend\src\main\java\fr\vitegourmand\menu\repository\MenuRepository.java
C:\Users\Scodyx\Documents\Dossier Kelly\Développeuse No-Code\Évaluation\vite-et-gourmand\backend\src\main\java\fr\vitegourmand\openinghours\entity\OpeningHours.java
C:\Users\Scodyx\Documents\Dossier Kelly\Développeuse No-Code\Évaluation\vite-et-gourmand\backend\src\main\java\fr\vitegourmand\openinghours\repository\OpeningHoursRepository.java
C:\Users\Scodyx\Documents\Dossier Kelly\Développeuse No-Code\Évaluation\vite-et-gourmand\backend\src\main\java\fr\vitegourmand\order\controller\OrderController.java
C:\Users\Scodyx\Documents\Dossier Kelly\Développeuse No-Code\Évaluation\vite-et-gourmand\backend\src\main\java\fr\vitegourmand\order\dto\OrderDtos.java
C:\Users\Scodyx\Documents\Dossier Kelly\Développeuse No-Code\Évaluation\vite-et-gourmand\backend\src\main\java\fr\vitegourmand\order\entity\CancellationContactMode.java
C:\Users\Scodyx\Documents\Dossier Kelly\Développeuse No-Code\Évaluation\vite-et-gourmand\backend\src\main\java\fr\vitegourmand\order\entity\CustomerOrder.java
C:\Users\Scodyx\Documents\Dossier Kelly\Développeuse No-Code\Évaluation\vite-et-gourmand\backend\src\main\java\fr\vitegourmand\order\entity\OrderStatus.java
C:\Users\Scodyx\Documents\Dossier Kelly\Développeuse No-Code\Évaluation\vite-et-gourmand\backend\src\main\java\fr\vitegourmand\order\entity\OrderStatusHistory.java
C:\Users\Scodyx\Documents\Dossier Kelly\Développeuse No-Code\Évaluation\vite-et-gourmand\backend\src\main\java\fr\vitegourmand\order\repository\CustomerOrderRepository.java
C:\Users\Scodyx\Documents\Dossier Kelly\Développeuse No-Code\Évaluation\vite-et-gourmand\backend\src\main\java\fr\vitegourmand\order\repository\OrderStatusHistoryRepository.java
C:\Users\Scodyx\Documents\Dossier Kelly\Développeuse No-Code\Évaluation\vite-et-gourmand\backend\src\main\java\fr\vitegourmand\order\service\OrderPricingService.java
C:\Users\Scodyx\Documents\Dossier Kelly\Développeuse No-Code\Évaluation\vite-et-gourmand\backend\src\main\java\fr\vitegourmand\order\service\OrderService.java
C:\Users\Scodyx\Documents\Dossier Kelly\Développeuse No-Code\Évaluation\vite-et-gourmand\backend\src\main\java\fr\vitegourmand\order\service\OrderStatusService.java
C:\Users\Scodyx\Documents\Dossier Kelly\Développeuse No-Code\Évaluation\vite-et-gourmand\backend\src\main\java\fr\vitegourmand\review\controller\ReviewController.java
C:\Users\Scodyx\Documents\Dossier Kelly\Développeuse No-Code\Évaluation\vite-et-gourmand\backend\src\main\java\fr\vitegourmand\review\dto\ReviewDtos.java
C:\Users\Scodyx\Documents\Dossier Kelly\Développeuse No-Code\Évaluation\vite-et-gourmand\backend\src\main\java\fr\vitegourmand\review\entity\ModerationStatus.java
C:\Users\Scodyx\Documents\Dossier Kelly\Développeuse No-Code\Évaluation\vite-et-gourmand\backend\src\main\java\fr\vitegourmand\review\entity\Review.java
C:\Users\Scodyx\Documents\Dossier Kelly\Développeuse No-Code\Évaluation\vite-et-gourmand\backend\src\main\java\fr\vitegourmand\review\repository\ReviewRepository.java
C:\Users\Scodyx\Documents\Dossier Kelly\Développeuse No-Code\Évaluation\vite-et-gourmand\backend\src\main\java\fr\vitegourmand\review\service\ReviewService.java
C:\Users\Scodyx\Documents\Dossier Kelly\Développeuse No-Code\Évaluation\vite-et-gourmand\backend\src\main\java\fr\vitegourmand\security\JwtAuthenticationFilter.java
C:\Users\Scodyx\Documents\Dossier Kelly\Développeuse No-Code\Évaluation\vite-et-gourmand\backend\src\main\java\fr\vitegourmand\security\JwtService.java
C:\Users\Scodyx\Documents\Dossier Kelly\Développeuse No-Code\Évaluation\vite-et-gourmand\backend\src\main\java\fr\vitegourmand\statistics\controller\AdminStatisticsController.java
C:\Users\Scodyx\Documents\Dossier Kelly\Développeuse No-Code\Évaluation\vite-et-gourmand\backend\src\main\java\fr\vitegourmand\statistics\document\MenuStatisticsDocument.java
C:\Users\Scodyx\Documents\Dossier Kelly\Développeuse No-Code\Évaluation\vite-et-gourmand\backend\src\main\java\fr\vitegourmand\statistics\dto\StatisticsDtos.java
C:\Users\Scodyx\Documents\Dossier Kelly\Développeuse No-Code\Évaluation\vite-et-gourmand\backend\src\main\java\fr\vitegourmand\statistics\repository\MenuStatisticsRepository.java
C:\Users\Scodyx\Documents\Dossier Kelly\Développeuse No-Code\Évaluation\vite-et-gourmand\backend\src\main\java\fr\vitegourmand\statistics\service\StatisticsService.java
C:\Users\Scodyx\Documents\Dossier Kelly\Développeuse No-Code\Évaluation\vite-et-gourmand\backend\src\main\java\fr\vitegourmand\user\controller\AdminEmployeeController.java
C:\Users\Scodyx\Documents\Dossier Kelly\Développeuse No-Code\Évaluation\vite-et-gourmand\backend\src\main\java\fr\vitegourmand\user\controller\UserProfileController.java
C:\Users\Scodyx\Documents\Dossier Kelly\Développeuse No-Code\Évaluation\vite-et-gourmand\backend\src\main\java\fr\vitegourmand\user\dto\UserDtos.java
C:\Users\Scodyx\Documents\Dossier Kelly\Développeuse No-Code\Évaluation\vite-et-gourmand\backend\src\main\java\fr\vitegourmand\user\entity\Role.java
C:\Users\Scodyx\Documents\Dossier Kelly\Développeuse No-Code\Évaluation\vite-et-gourmand\backend\src\main\java\fr\vitegourmand\user\entity\User.java
C:\Users\Scodyx\Documents\Dossier Kelly\Développeuse No-Code\Évaluation\vite-et-gourmand\backend\src\main\java\fr\vitegourmand\user\repository\UserRepository.java
C:\Users\Scodyx\Documents\Dossier Kelly\Développeuse No-Code\Évaluation\vite-et-gourmand\backend\src\main\java\fr\vitegourmand\user\service\UserProfileService.java
C:\Users\Scodyx\Documents\Dossier Kelly\Développeuse No-Code\Évaluation\vite-et-gourmand\backend\src\main\java\fr\vitegourmand\ViteEtGourmandApplication.java
